// Jest Snapshot v1, https://goo.gl/fbAQLP

exports[`tests for Missions file snapshot for missions component 1`] = `
Object {
  "asFragment": [Function],
  "baseElement": <body>
    <div>
      <table
        cellspacing="0"
        class="mission-table"
      >
        <thead>
          <tr>
            <th
              class="table-head"
            >
              Mission
            </th>
            <th
              class="table-head"
            >
              Description
            </th>
            <th
              class="table-head"
            >
              Status
            </th>
            <th
              class="table-head"
            >
              Join
            </th>
          </tr>
        </thead>
        <tbody />
      </table>
    </div>
  </body>,
  "container": <div>
    <table
      cellspacing="0"
      class="mission-table"
    >
      <thead>
        <tr>
          <th
            class="table-head"
          >
            Mission
          </th>
          <th
            class="table-head"
          >
            Description
          </th>
          <th
            class="table-head"
          >
            Status
          </th>
          <th
            class="table-head"
          >
            Join
          </th>
        </tr>
      </thead>
      <tbody />
    </table>
  </div>,
  "debug": [Function],
  "findAllByAltText": [Function],
  "findAllByDisplayValue": [Function],
  "findAllByLabelText": [Function],
  "findAllByPlaceholderText": [Function],
  "findAllByRole": [Function],
  "findAllByTestId": [Function],
  "findAllByText": [Function],
  "findAllByTitle": [Function],
  "findByAltText": [Function],
  "findByDisplayValue": [Function],
  "findByLabelText": [Function],
  "findByPlaceholderText": [Function],
  "findByRole": [Function],
  "findByTestId": [Function],
  "findByText": [Function],
  "findByTitle": [Function],
  "getAllByAltText": [Function],
  "getAllByDisplayValue": [Function],
  "getAllByLabelText": [Function],
  "getAllByPlaceholderText": [Function],
  "getAllByRole": [Function],
  "getAllByTestId": [Function],
  "getAllByText": [Function],
  "getAllByTitle": [Function],
  "getByAltText": [Function],
  "getByDisplayValue": [Function],
  "getByLabelText": [Function],
  "getByPlaceholderText": [Function],
  "getByRole": [Function],
  "getByTestId": [Function],
  "getByText": [Function],
  "getByTitle": [Function],
  "queryAllByAltText": [Function],
  "queryAllByDisplayValue": [Function],
  "queryAllByLabelText": [Function],
  "queryAllByPlaceholderText": [Function],
  "queryAllByRole": [Function],
  "queryAllByTestId": [Function],
  "queryAllByText": [Function],
  "queryAllByTitle": [Function],
  "queryByAltText": [Function],
  "queryByDisplayValue": [Function],
  "queryByLabelText": [Function],
  "queryByPlaceholderText": [Function],
  "queryByRole": [Function],
  "queryByTestId": [Function],
  "queryByText": [Function],
  "queryByTitle": [Function],
  "rerender": [Function],
  "unmount": [Function],
}
`;
